C51 COMPILER V9.59.0.0   ESIMLAB1                                                          05/24/2019 11:01:02 PAGE 1   


C51 COMPILER V9.59.0.0, COMPILATION OF MODULE ESIMLAB1
OBJECT MODULE PLACED IN .\Objects\esimlab1.obj
COMPILER INVOKED BY: C:\lyw\lyw_software\Keil_V5\C51\BIN\C51.EXE esimlab1.c OPTIMIZE(8,SPEED) BROWSE DEBUG OBJECTEXTEND 
                    -PRINT(.\Listings\esimlab1.lst) TABS(2) OBJECT(.\Objects\esimlab1.obj)

line level    source

   1          #include <reg52.h>
   2          #define uchar unsigned char
   3          void delay(){
   4   1        uchar i,j;
   5   1        for(i=0;i<255;i++)
   6   1        for(j=0;j<255;j++);
   7   1      }
   8          void main(){
   9   1        while(1){
  10   2          uchar temp;
  11   2          P1=0xff;
  12   2          temp=P1&0xf0;
  13   2          temp=temp>>4;
  14   2          P1=temp;
  15   2          delay( );
  16   2        }
  17   1      }


MODULE INFORMATION:   STATIC OVERLAYABLE
   CODE SIZE        =     52    ----
   CONSTANT SIZE    =   ----    ----
   XDATA SIZE       =   ----    ----
   PDATA SIZE       =   ----    ----
   DATA SIZE        =   ----       1
   IDATA SIZE       =   ----    ----
   BIT SIZE         =   ----    ----
END OF MODULE INFORMATION.


C51 COMPILATION COMPLETE.  0 WARNING(S),  0 ERROR(S)
