C51 COMPILER V9.59.0.0   ESIMLAB2                                                          06/05/2019 08:39:39 PAGE 1   


C51 COMPILER V9.59.0.0, COMPILATION OF MODULE ESIMLAB2
OBJECT MODULE PLACED IN .\Objects\esimlab2.obj
COMPILER INVOKED BY: C:\lyw\lyw_software\Keil_V5\C51\BIN\C51.EXE esimlab2.c OPTIMIZE(8,SPEED) BROWSE DEBUG OBJECTEXTEND 
                    -PRINT(.\Listings\esimlab2.lst) TABS(2) OBJECT(.\Objects\esimlab2.obj)

line level    source

   1          #include <reg52.h>
   2          #include <absacc.h>        
   3          #define uint unsigned int 
   4          #define uchar unsigned char 
   5          #define lenth 16
   6          void delay( )
   7          {
   8   1        uchar i,j;
   9   1        for(i=0;i<255;i++)
  10   1        for(j=0;j<255;j++);
  11   1      }
  12          void main()
  13          {
  14   1        int i,d;
  15   1        uint d_addr=0x4000,s_addr=0x60;
  16   1        d=0x04;
  17   1        for(i=0;i<lenth;i++,d++)
  18   1        {
  19   2          DBYTE[0x60]=d;  
  20   2          XBYTE[0x4000]=DBYTE [0x60];  
  21   2          P1=XBYTE[0x4000]; 
  22   2          delay();
  23   2        }  
  24   1      }


MODULE INFORMATION:   STATIC OVERLAYABLE
   CODE SIZE        =     91    ----
   CONSTANT SIZE    =   ----    ----
   XDATA SIZE       =   ----    ----
   PDATA SIZE       =   ----    ----
   DATA SIZE        =   ----       4
   IDATA SIZE       =   ----    ----
   BIT SIZE         =   ----    ----
END OF MODULE INFORMATION.


C51 COMPILATION COMPLETE.  0 WARNING(S),  0 ERROR(S)
