C51 COMPILER V9.59.0.0   ESIMLAB3                                                          06/11/2019 21:32:35 PAGE 1   


C51 COMPILER V9.59.0.0, COMPILATION OF MODULE ESIMLAB3
OBJECT MODULE PLACED IN .\Objects\esimlab3.obj
COMPILER INVOKED BY: C:\lyw\lyw_software\Keil_V5\C51\BIN\C51.EXE esimlab3.c OPTIMIZE(8,SPEED) BROWSE DEBUG OBJECTEXTEND 
                    -PRINT(.\Listings\esimlab3.lst) TABS(2) OBJECT(.\Objects\esimlab3.obj)

line level    source

   1          #include<reg52.h>
   2          #include<intrins.h>  //包含循环左、右移位函数的头文件（_crol_, _cror_）
   3          sbit S1=P1^0;
   4          sbit S2=P1^1;
   5          sbit S3=P1^2;
   6          unsigned char keyval;    
   7          void key_scan(void);    //按键扫描，取键值
   8          void operation1();       //从上到下闪烁
   9          void operation2();         //从下到上闪烁
  10          void operation3();      //从中间到两边，再从两边到中间
  11          void delay10ms(void);   //按键扫描延时，防抖动
  12          void initial();
  13          void led_delay();
  14          void main(void)
  15          {
  16   1          keyval=0;
  17   1          while(1)
  18   1          {
  19   2              key_scan();
  20   2              switch(keyval)
  21   2              {
  22   3                  case 1:
  23   3                      operation1();
  24   3                      break;
  25   3                  case 2:
  26   3                      operation2();
  27   3                      break;
  28   3                  case 3:
  29   3                      operation3(); 
  30   3              }
  31   2          }
  32   1      }
  33          void key_scan(void)
  34          {
  35   1          P1=0xff;
  36   1          if((P1&0x0f)==0x0e)
  37   1          {
  38   2              delay10ms();
  39   2              if(S1==0)
  40   2              keyval=1;
  41   2          }
  42   1          else if((P1&0x0f)==0x0d){
  43   2              delay10ms();
  44   2              if(S2==0)
  45   2              keyval=2;
  46   2          }
  47   1          else if((P1&0x0f)==0x0b){
  48   2              delay10ms();
  49   2              if(S3==0)
  50   2              keyval=3;
  51   2          }
  52   1      }
  53          void operation1()
  54          {
C51 COMPILER V9.59.0.0   ESIMLAB3                                                          06/11/2019 21:32:35 PAGE 2   

  55   1          P2 = 0xfe;
  56   1          keyval=0;
  57   1          while(1){
  58   2          key_scan();
  59   2          if(keyval>0){
  60   3            initial();
  61   3            return;
  62   3          }
  63   2          P2 = _crol_(P2, 1);
  64   2          led_delay();
  65   2        }
  66   1      }
  67          
  68          void operation2()
  69          {
  70   1        P2 = 0xfe;
  71   1          keyval=0;
  72   1          while(1){
  73   2          key_scan();
  74   2          if(keyval>0){
  75   3            initial();
  76   3            return;
  77   3          }
  78   2          P2 = _cror_(P2, 1);
  79   2          led_delay();
  80   2        }
  81   1      }
  82          
  83          void operation3()//两边到中间
  84          {
  85   1        P2 = 0xfe;
  86   1        keyval=0;
  87   1        while(1){
  88   2          key_scan();
  89   2          if(keyval>0){
  90   3            initial();
  91   3            return;
  92   3          }
  93   2          led_delay();
  94   2          P2 = 0x7e;
  95   2          key_scan();
  96   2          if(keyval>0){
  97   3            initial();
  98   3            return;
  99   3          }
 100   2          led_delay();
 101   2          P2 = 0xbd;
 102   2          key_scan();
 103   2          if(keyval>0){
 104   3            initial();
 105   3            return;
 106   3          }
 107   2          led_delay();
 108   2          P2 = 0xdb;
 109   2          key_scan();
 110   2          if(keyval>0){
 111   3            initial();
 112   3            return;
 113   3          }
 114   2          led_delay();
 115   2          P2 = 0xe7;
 116   2        }
C51 COMPILER V9.59.0.0   ESIMLAB3                                                          06/11/2019 21:32:35 PAGE 3   

 117   1      }
 118          void led_delay(void)
 119          {
 120   1          unsigned char i,j;
 121   1          for(i=0;i<220;i++)
 122   1          for(j=0;j<220;j++);
 123   1      }
 124            
 125          void delay10ms(void)
 126          {   
 127   1          unsigned char i,j;
 128   1          for(i=0;i<100;i++)
 129   1          for(j=0;j<100;j++);
 130   1      }
 131          void initial(){
 132   1        unsigned char i;
 133   1        P2 = 0xff;
 134   1      }
*** WARNING C280 IN LINE 132 OF esimlab3.c: 'i': unreferenced local variable


MODULE INFORMATION:   STATIC OVERLAYABLE
   CODE SIZE        =    336    ----
   CONSTANT SIZE    =   ----    ----
   XDATA SIZE       =   ----    ----
   PDATA SIZE       =   ----    ----
   DATA SIZE        =      1       1
   IDATA SIZE       =   ----    ----
   BIT SIZE         =   ----    ----
END OF MODULE INFORMATION.


C51 COMPILATION COMPLETE.  1 WARNING(S),  0 ERROR(S)
